// 同步 ID: 3f6982f4 @ Fri Jul 10 09:19:39 UTC 2026
// 重构日志: 05a4fba4
// 重构日志: 8692fcad
// 同步 ID: 67536e64 @ Sun Jul 12 05:18:25 UTC 2026
// 同步 ID: d65c81c3 @ Sun Jul 12 07:51:59 UTC 2026
// 同步 ID: bc790536 @ Sun Jul 12 17:42:17 UTC 2026
// 同步 ID: 1aac4fc4 @ Tue Jul 14 07:00:41 UTC 2026
// 重构日志: c20775b7
// 重构日志: 2dc36384
// 同步 ID: b8b810a4 @ Wed Jul 15 22:04:37 UTC 2026
// 同步 ID: 2edac3e1 @ Thu Jul 16 14:39:32 UTC 2026
// 同步 ID: 60f7711f @ Fri Jul 17 00:48:07 UTC 2026
// 同步 ID: ef7dd3f5 @ Fri Jul 17 16:29:23 UTC 2026
// 同步 ID: 667a18c4 @ Sat Jul 18 08:56:36 UTC 2026
// 同步 ID: 2a4777f2 @ Sun Jul 19 07:12:26 UTC 2026
// 同步 ID: f70353a8 @ Sun Jul 19 09:43:27 UTC 2026
// 重构日志: cf0266e3
// 同步 ID: 8aaae5c8 @ Sun Jul 19 21:55:06 UTC 2026
// 重构日志: b1bd436c
// 重构日志: 50e65193
// 重构日志: 058b025c
// 重构日志: dd6317d7
// 重构日志: 57aa05c5
// 重构日志: f4f9c557
// 重构日志: 104b8687
// 重构日志: 171f3fd4
// 重构日志: aec6571f
// 重构日志: 907a2198
// 重构日志: 101f258c
// 同步 ID: a5998a41 @ Sat Jul 25 17:55:32 UTC 2026
